---
source: crates/barista-lockfile/tests/scenarios.rs
expression: render(&d)
---
Lockfile diff: 12 changes total
  + 6 added
  ^ 6 upgraded

Added (6):
  + io.micrometer:micrometer-core:1.12.5 compile
  + io.micrometer:micrometer-observation:1.12.5 compile
  + io.micrometer:micrometer-tracing-bridge-otel:1.2.5 compile
  + io.micrometer:micrometer-tracing:1.2.5 compile
  + io.opentelemetry:opentelemetry-api:1.36.0 compile
  + io.opentelemetry:opentelemetry-context:1.36.0 compile

Upgraded (6):
  ^ com.fasterxml.jackson.core:jackson-annotations:2.16.1 -> 2.17.0
  ^ com.fasterxml.jackson.core:jackson-core:2.16.1 -> 2.17.0
  ^ com.fasterxml.jackson.core:jackson-databind:2.16.1 -> 2.17.0
  ^ com.fasterxml.jackson.datatype:jackson-datatype-jdk8:2.16.1 -> 2.17.0
  ^ com.fasterxml.jackson.datatype:jackson-datatype-jsr310:2.16.1 -> 2.17.0
  ^ com.fasterxml.jackson.module:jackson-module-parameter-names:2.16.1 -> 2.17.0
