---
source: crates/barista-cli/tests/output_snapshots.rs
expression: body
---
{
  "command": "grind-tree",
  "schema-version": 1,
  "reactor": [
    {
      "coords": "com.example:demo",
      "version": "1.0.0",
      "relative-path": "pom.xml"
    }
  ],
  "nodes": [
    {
      "coords": "org.slf4j:slf4j-api",
      "version": "2.0.13",
      "scope": "compile",
      "depth": 1,
      "from-path": []
    },
    {
      "coords": "ch.qos.logback:logback-classic",
      "version": "1.5.6",
      "scope": "compile",
      "depth": 2,
      "from-path": [
        "org.slf4j:slf4j-api"
      ]
    }
  ]
}
